
Allocating common symbols
Common symbol       size              file

cpu_ms_loopcnt      0x4               ./super/super_clock.o

Memory Configuration

Name             Origin             Length             Attributes
*default*        0x00000000         0xffffffff

Linker script and memory map

                0x00000000                __suspend_start = .

.text           0x00000000     0x3e38
 ./super/suspend/suspend.o(.text)
 .text          0x00000000      0x1b8 ./super/suspend/suspend.o
                0x00000000                main
 *(.text)
 .text          0x000001b8       0x24 ./super/common.o
                0x000001b8                mem_memcpy
 *fill*         0x000001dc        0x4 00
 .text          0x000001e0      0x500 ./super/stack.o
                0x000001e0                save_sp
                0x000001ec                save_sp_nommu
                0x000001f8                restore_sp
                0x00000200                mem_flush_tlb
                0x0000023c                flush_dcache
                0x000002d8                flush_icache
                0x000002f0                invalidate_branch_predictor
                0x00000308                disable_cache
                0x00000328                disable_dcache
                0x00000344                disable_icache
                0x00000360                enable_icache
                0x0000037c                disable_l2cache
                0x00000398                disable_program_flow_prediction
                0x000003b4                enable_cache
                0x000003d4                enable_program_flow_prediction
                0x000003f0                mem_preload_tlb
                0x000004e4                mem_preload_tlb_nommu
                0x000005d8                disable_mmu
                0x00000614                enable_mmu
 .text          0x000006e0      0x170 ./super/super_int.o
                0x000006e0                mem_int_init
                0x0000077c                mem_int_exit
                0x000007d8                mem_enable_int
                0x00000820                mem_query_int
 .text          0x00000850       0x40 ./super/super_tmr.o
                0x00000850                mem_tmr_init
                0x00000868                mem_tmr_disable_watchdog
 .text          0x00000890      0x274 ./super/super_clock.o
                0x00000890                mem_clk_init
                0x000008ac                mem_clk_plldisable
                0x00000908                mem_clk_pllenable
                0x00000964                mem_clk_setdiv
                0x000009c8                mem_clk_getdiv
                0x00000a24                mem_clk_set_pll_factor
                0x00000a84                mem_clk_get_pll_factor
                0x00000ad4                mem_clk_dramgating
 .text          0x00000b04      0x78c ./super/super_twi.o
                0x00000b04                mem_twi_init
                0x00000bec                setup_twi_env
                0x00000c48                twi_byte_rw
                0x00000f20                twi_byte_rw_nommu
                0x00001240                mem_twi_exit
 .text          0x00001290       0x28 ./super/super_delay.o
                0x00001290                mem_delay
 .text          0x000012b8      0xef0 ./super/super_power.o
                0x000012b8                mem_power_off_nommu
                0x00001358                mem_power_off
                0x000013f8                mem_power_exit
                0x0000170c                mem_get_voltage
                0x000017b4                mem_set_voltage
                0x000019a8                mem_power_init
 .text          0x000021a8      0x4ac ./super/dram/dram.o
                0x000021a8                DRAMC_hostport_on_off
                0x000021d0                DRAMC_hostport_check_ahb_fifo_status
                0x000021f0                DRAMC_hostport_setup
                0x00002238                dram_hostport_on_off
                0x00002260                dram_hostport_check_ahb_fifo_status
                0x00002280                dram_hostport_setup
                0x00002284                mctl_ahb_reset
                0x000022b4                DRAMC_enter_power_down
                0x000022e4                dram_enter_power_down
                0x000022e8                mctl_mode_exit
                0x00002318                DRAMC_exit_power_down
                0x0000231c                dram_exit_power_down
                0x00002320                DRAMC_exit_selfrefresh
                0x00002398                dram_exit_selfrefresh
                0x0000239c                mctl_precharge_all
                0x000023cc                DRAMC_enter_selfrefresh
                0x00002440                dram_enter_selfrefresh
                0x00002444                dram_power_save_process
                0x00002500                DRAMC_retraining
                0x00002650                dram_power_up_process
 .text          0x00002654      0x838 ./super/dram/dram_init.o
                0x00002654                mctl_set_drive
                0x00002674                mctl_itm_disable
                0x0000268c                mctl_itm_enable
                0x000026a4                mctl_disable_dll
                0x00002700                mctl_configure_hostport
                0x00002734                DRAMC_exit
                0x0000273c                DRAMC_scan_readpipe
                0x00002774                DRAMC_clock_output_en
                0x00002798                DRAMC_set_autorefresh_cycle
                0x000027cc                DRAMC_get_dram_size
                0x00002840                dram_init
                0x00002848                dram_exit
                0x00002850                dram_get_size
                0x00002854                dram_set_drive
                0x00002874                dram_set_autorefresh_cycle
                0x000028a8                dram_scan_readpipe
                0x000028e0                get_boot0_dram_para
                0x000028f0                mctl_setup_dram_clock
                0x000029fc                dram_set_clock
                0x00002a00                mctl_enable_dllx
                0x00002ac0                mctl_enable_dll0
                0x00002b14                mctl_ddr3_reset
                0x00002b44                DRAMC_init
                0x00002da0                init_DRAM
 .text          0x00002e8c      0x384 pm_debug.o
                0x00002e8c                busy_waiting
                0x00002eac                fake_busy_waiting
                0x00002ecc                save_mem_flag
                0x00002ee4                save_mem_status
                0x00002ef4                get_mem_status
                0x00002f04                save_mem_status_nommu
                0x00002f14                save_sun5i_mem_status
                0x00002f38                save_sun5i_mem_status_nommu
                0x00002f5c                get_cyclecount
                0x00002f64                backup_perfcounter
                0x00002f80                init_perfcounters
                0x00002fac                restore_perfcounter
                0x00002fcc                reset_counter
                0x00002fe0                change_runtime_env
                0x00003104                delay_us
                0x00003188                delay_ms
                0x00003194                io_init
                0x000031ac                io_init_high
                0x000031c4                io_init_low
                0x000031dc                io_high
 .text          0x00003210      0x150 mem_mmu_pc_asm.o
                0x00003210                invalidate_dcache
                0x000032b0                jump_to_resume
                0x000032d0                jump_to_resume0
                0x000032e0                jump_to_resume0_nommu
                0x00003310                save_runtime_context
                0x00003320                clear_reg_context
 .text          0x00003360       0xc0 mem_mmu_pc.o
                0x00003360                save_mmu_state
                0x0000339c                restore_mmu_state
                0x00003400                set_ttbr0
 .text          0x00003420      0xa18 mem_cpu.o
                0x00003420                __save_processor_state
                0x000039c4                __restore_processor_state
                0x00003d48                mem_restore_processor_state
                0x00003d4c                disable_cache_invalidate
                0x00003d64                set_copro_default

.glue_7         0x00003e38        0x0
 .glue_7        0x00000000        0x0 linker stubs

.glue_7t        0x00003e38        0x0
 .glue_7t       0x00000000        0x0 linker stubs

.vfp11_veneer   0x00003e38        0x0
 .vfp11_veneer  0x00000000        0x0 linker stubs

.v4_bx          0x00003e38        0x0
 .v4_bx         0x00000000        0x0 linker stubs

.rodata         0x00003e38       0x4c
 *(.rodata)
 .rodata        0x00003e38        0xc ./super/super_twi.o
 .rodata        0x00003e44       0x40 ./super/super_power.o

.data           0x00003e84      0x17c
 *(.data)
 .data          0x00003e84        0x4 ./super/suspend/suspend.o
 .data          0x00003e88        0x0 ./super/common.o
 .data          0x00003e88        0x0 ./super/stack.o
 .data          0x00003e88        0x0 ./super/super_int.o
 .data          0x00003e88        0x0 ./super/super_tmr.o
 .data          0x00003e88        0x0 ./super/super_clock.o
 .data          0x00003e88        0x0 ./super/super_twi.o
 .data          0x00003e88        0x0 ./super/super_delay.o
 .data          0x00003e88       0xa8 ./super/super_power.o
 .data          0x00003f30        0x0 ./super/dram/dram.o
 .data          0x00003f30       0xd0 ./super/dram/dram_init.o
                0x00003f30                hpcr_value
 .data          0x00004000        0x0 pm_debug.o
 .data          0x00004000        0x0 mem_mmu_pc_asm.o
 .data          0x00004000        0x0 mem_mmu_pc.o
 .data          0x00004000        0x0 mem_cpu.o
                0x00004000                __bss_start = .

.bss            0x00004000      0x288
 *(.sbss)
 *(.scommon)
 *(.bss)
 .bss           0x00004000      0x234 ./super/suspend/suspend.o
 .bss           0x00004234        0x0 ./super/common.o
 .bss           0x00004234        0x0 ./super/stack.o
 .bss           0x00004234       0x28 ./super/super_int.o
 .bss           0x0000425c        0x4 ./super/super_tmr.o
 .bss           0x00004260        0x4 ./super/super_clock.o
 .bss           0x00004264       0x10 ./super/super_twi.o
 .bss           0x00004274        0x0 ./super/super_delay.o
 .bss           0x00004274        0x0 ./super/super_power.o
 .bss           0x00004274        0x0 ./super/dram/dram.o
 .bss           0x00004274        0x0 ./super/dram/dram_init.o
 .bss           0x00004274       0x10 pm_debug.o
 .bss           0x00004284        0x0 mem_mmu_pc_asm.o
 .bss           0x00004284        0x0 mem_mmu_pc.o
 .bss           0x00004284        0x0 mem_cpu.o
 *(COMMON)
 COMMON         0x00004284        0x4 ./super/super_clock.o
                0x00004284                cpu_ms_loopcnt
                0x00004288                __bss_end = .
                0x00004288                __suspend_end = .
LOAD ./super/common.o
LOAD ./super/stack.o
LOAD ./super/super_int.o
LOAD ./super/super_tmr.o
LOAD ./super/super_clock.o
LOAD ./super/super_twi.o
LOAD ./super/super_delay.o
LOAD ./super/super_power.o
LOAD ./super/suspend/suspend.o
LOAD ./super/dram/dram.o
LOAD ./super/dram/dram_init.o
LOAD pm_debug.o
LOAD mem_mmu_pc_asm.o
LOAD mem_mmu_pc.o
LOAD mem_cpu.o
OUTPUT(suspend.elf elf32-littlearm)

.debug_abbrev   0x00000000     0x139c
 .debug_abbrev  0x00000000      0x15f ./super/suspend/suspend.o
 .debug_abbrev  0x0000015f       0x85 ./super/common.o
 .debug_abbrev  0x000001e4       0x14 ./super/stack.o
 .debug_abbrev  0x000001f8      0x132 ./super/super_int.o
 .debug_abbrev  0x0000032a       0xb1 ./super/super_tmr.o
 .debug_abbrev  0x000003db      0x178 ./super/super_clock.o
 .debug_abbrev  0x00000553      0x25f ./super/super_twi.o
 .debug_abbrev  0x000007b2       0x14 ./super/super_delay.o
 .debug_abbrev  0x000007c6      0x1d2 ./super/super_power.o
 .debug_abbrev  0x00000998      0x2de ./super/dram/dram.o
 .debug_abbrev  0x00000c76      0x312 ./super/dram/dram_init.o
 .debug_abbrev  0x00000f88      0x24c pm_debug.o
 .debug_abbrev  0x000011d4       0x14 mem_mmu_pc_asm.o
 .debug_abbrev  0x000011e8       0xc0 mem_mmu_pc.o
 .debug_abbrev  0x000012a8       0xf4 mem_cpu.o

.debug_info     0x00000000     0x72b1
 .debug_info    0x00000000      0x663 ./super/suspend/suspend.o
 .debug_info    0x00000663       0xc3 ./super/common.o
 .debug_info    0x00000726       0x71 ./super/stack.o
 .debug_info    0x00000797      0x350 ./super/super_int.o
 .debug_info    0x00000ae7      0x40a ./super/super_tmr.o
 .debug_info    0x00000ef1     0x2080 ./super/super_clock.o
 .debug_info    0x00002f71     0x21bc ./super/super_twi.o
 .debug_info    0x0000512d       0x77 ./super/super_delay.o
 .debug_info    0x000051a4      0x4cd ./super/super_power.o
 .debug_info    0x00005671      0x693 ./super/dram/dram.o
 .debug_info    0x00005d04      0x93c ./super/dram/dram_init.o
 .debug_info    0x00006640      0x5c4 pm_debug.o
 .debug_info    0x00006c04       0x77 mem_mmu_pc_asm.o
 .debug_info    0x00006c7b      0x167 mem_mmu_pc.o
 .debug_info    0x00006de2      0x4cf mem_cpu.o

.debug_line     0x00000000     0x10e8
 .debug_line    0x00000000       0xd5 ./super/suspend/suspend.o
 .debug_line    0x000000d5       0x47 ./super/common.o
 .debug_line    0x0000011c      0x150 ./super/stack.o
 .debug_line    0x0000026c       0xd5 ./super/super_int.o
 .debug_line    0x00000341       0x76 ./super/super_tmr.o
 .debug_line    0x000003b7      0x121 ./super/super_clock.o
 .debug_line    0x000004d8      0x1bf ./super/super_twi.o
 .debug_line    0x00000697       0x4e ./super/super_delay.o
 .debug_line    0x000006e5      0x249 ./super/super_power.o
 .debug_line    0x0000092e      0x20e ./super/dram/dram.o
 .debug_line    0x00000b3c      0x297 ./super/dram/dram_init.o
 .debug_line    0x00000dd3      0x11d pm_debug.o
 .debug_line    0x00000ef0       0x8a mem_mmu_pc_asm.o
 .debug_line    0x00000f7a       0x7d mem_mmu_pc.o
 .debug_line    0x00000ff7       0xf1 mem_cpu.o

.debug_frame    0x00000000      0x918
 .debug_frame   0x00000000       0x30 ./super/suspend/suspend.o
 .debug_frame   0x00000030       0x20 ./super/common.o
 .debug_frame   0x00000050       0x7c ./super/super_int.o
 .debug_frame   0x000000cc       0x30 ./super/super_tmr.o
 .debug_frame   0x000000fc       0x90 ./super/super_clock.o
 .debug_frame   0x0000018c       0x98 ./super/super_twi.o
 .debug_frame   0x00000224       0xf4 ./super/super_power.o
 .debug_frame   0x00000318      0x1c0 ./super/dram/dram.o
 .debug_frame   0x000004d8      0x20c ./super/dram/dram_init.o
 .debug_frame   0x000006e4      0x194 pm_debug.o
 .debug_frame   0x00000878       0x40 mem_mmu_pc.o
 .debug_frame   0x000008b8       0x60 mem_cpu.o

.debug_loc      0x00000000     0x165c
 .debug_loc     0x00000000       0x32 ./super/suspend/suspend.o
 .debug_loc     0x00000032       0x8a ./super/super_int.o
 .debug_loc     0x000000bc       0x78 ./super/super_clock.o
 .debug_loc     0x00000134      0x2c7 ./super/super_twi.o
 .debug_loc     0x000003fb      0x7be ./super/super_power.o
 .debug_loc     0x00000bb9      0x2cc ./super/dram/dram.o
 .debug_loc     0x00000e85      0x424 ./super/dram/dram_init.o
 .debug_loc     0x000012a9      0x3b3 pm_debug.o

.debug_pubnames
                0x00000000      0x963
 .debug_pubnames
                0x00000000       0x1b ./super/suspend/suspend.o
 .debug_pubnames
                0x0000001b       0x21 ./super/common.o
 .debug_pubnames
                0x0000003c       0x59 ./super/super_int.o
 .debug_pubnames
                0x00000095       0x40 ./super/super_tmr.o
 .debug_pubnames
                0x000000d5       0xd6 ./super/super_clock.o
 .debug_pubnames
                0x000001ab       0x6c ./super/super_twi.o
 .debug_pubnames
                0x00000217       0x8a ./super/super_power.o
 .debug_pubnames
                0x000002a1      0x223 ./super/dram/dram.o
 .debug_pubnames
                0x000004c4      0x21e ./super/dram/dram_init.o
 .debug_pubnames
                0x000006e2      0x19a pm_debug.o
 .debug_pubnames
                0x0000087c       0x49 mem_mmu_pc.o
 .debug_pubnames
                0x000008c5       0x9e mem_cpu.o

.debug_aranges  0x00000000      0x1e0
 .debug_aranges
                0x00000000       0x20 ./super/suspend/suspend.o
 .debug_aranges
                0x00000020       0x20 ./super/common.o
 .debug_aranges
                0x00000040       0x20 ./super/stack.o
 .debug_aranges
                0x00000060       0x20 ./super/super_int.o
 .debug_aranges
                0x00000080       0x20 ./super/super_tmr.o
 .debug_aranges
                0x000000a0       0x20 ./super/super_clock.o
 .debug_aranges
                0x000000c0       0x20 ./super/super_twi.o
 .debug_aranges
                0x000000e0       0x20 ./super/super_delay.o
 .debug_aranges
                0x00000100       0x20 ./super/super_power.o
 .debug_aranges
                0x00000120       0x20 ./super/dram/dram.o
 .debug_aranges
                0x00000140       0x20 ./super/dram/dram_init.o
 .debug_aranges
                0x00000160       0x20 pm_debug.o
 .debug_aranges
                0x00000180       0x20 mem_mmu_pc_asm.o
 .debug_aranges
                0x000001a0       0x20 mem_mmu_pc.o
 .debug_aranges
                0x000001c0       0x20 mem_cpu.o

.debug_str      0x00000000     0x2191
 .debug_str     0x00000000      0x39e ./super/suspend/suspend.o
                                0x3e4 (size before relaxing)
 .debug_str     0x0000039e       0x31 ./super/common.o
                                 0xe4 (size before relaxing)
 .debug_str     0x000003cf      0x234 ./super/super_int.o
                                0x2f4 (size before relaxing)
 .debug_str     0x00000603      0x1bd ./super/super_tmr.o
                                0x2c8 (size before relaxing)
 .debug_str     0x000007c0      0xe17 ./super/super_clock.o
                                0xfd2 (size before relaxing)
 .debug_str     0x000015d7      0x186 ./super/super_twi.o
                               0x105d (size before relaxing)
 .debug_str     0x0000175d      0x1a5 ./super/super_power.o
                                0x29e (size before relaxing)
 .debug_str     0x00001902      0x2bd ./super/dram/dram.o
                                0x3e2 (size before relaxing)
 .debug_str     0x00001bbf      0x2fc ./super/dram/dram_init.o
                                0x42d (size before relaxing)
 .debug_str     0x00001ebb      0x1f9 pm_debug.o
                                0x30d (size before relaxing)
 .debug_str     0x000020b4       0x3d mem_mmu_pc.o
                                0x138 (size before relaxing)
 .debug_str     0x000020f1       0xa0 mem_cpu.o
                                0x282 (size before relaxing)

.comment        0x00000000       0x1e
 .comment       0x00000000       0x1e ./super/suspend/suspend.o
                                 0x1f (size before relaxing)
 .comment       0x00000000       0x1f ./super/common.o
 .comment       0x00000000       0x1f ./super/super_int.o
 .comment       0x00000000       0x1f ./super/super_tmr.o
 .comment       0x00000000       0x1f ./super/super_clock.o
 .comment       0x00000000       0x1f ./super/super_twi.o
 .comment       0x00000000       0x1f ./super/super_power.o
 .comment       0x00000000       0x1f ./super/dram/dram.o
 .comment       0x00000000       0x1f ./super/dram/dram_init.o
 .comment       0x00000000       0x1f pm_debug.o
 .comment       0x00000000       0x1f mem_mmu_pc.o
 .comment       0x00000000       0x1f mem_cpu.o

.note.GNU-stack
                0x00000000        0x0
 .note.GNU-stack
                0x00000000        0x0 ./super/suspend/suspend.o
 .note.GNU-stack
                0x00000000        0x0 ./super/common.o
 .note.GNU-stack
                0x00000000        0x0 ./super/super_int.o
 .note.GNU-stack
                0x00000000        0x0 ./super/super_tmr.o
 .note.GNU-stack
                0x00000000        0x0 ./super/super_clock.o
 .note.GNU-stack
                0x00000000        0x0 ./super/super_twi.o
 .note.GNU-stack
                0x00000000        0x0 ./super/super_power.o
 .note.GNU-stack
                0x00000000        0x0 ./super/dram/dram.o
 .note.GNU-stack
                0x00000000        0x0 ./super/dram/dram_init.o
 .note.GNU-stack
                0x00000000        0x0 pm_debug.o
 .note.GNU-stack
                0x00000000        0x0 mem_mmu_pc.o
 .note.GNU-stack
                0x00000000        0x0 mem_cpu.o

.ARM.attributes
                0x00000000       0x2b
 .ARM.attributes
                0x00000000       0x2d ./super/suspend/suspend.o
 .ARM.attributes
                0x0000002d       0x2d ./super/common.o
 .ARM.attributes
                0x0000005a       0x1d ./super/stack.o
 .ARM.attributes
                0x00000077       0x2d ./super/super_int.o
 .ARM.attributes
                0x000000a4       0x2d ./super/super_tmr.o
 .ARM.attributes
                0x000000d1       0x2d ./super/super_clock.o
 .ARM.attributes
                0x000000fe       0x2d ./super/super_twi.o
 .ARM.attributes
                0x0000012b       0x1d ./super/super_delay.o
 .ARM.attributes
                0x00000148       0x2d ./super/super_power.o
 .ARM.attributes
                0x00000175       0x2d ./super/dram/dram.o
 .ARM.attributes
                0x000001a2       0x2d ./super/dram/dram_init.o
 .ARM.attributes
                0x000001cf       0x2d pm_debug.o
 .ARM.attributes
                0x000001fc       0x1d mem_mmu_pc_asm.o
 .ARM.attributes
                0x00000219       0x2d mem_mmu_pc.o
 .ARM.attributes
                0x00000246       0x2d mem_cpu.o

.debug_ranges   0x00000000      0x280
 .debug_ranges  0x00000000       0xe0 ./super/super_power.o
 .debug_ranges  0x000000e0       0xb0 ./super/dram/dram.o
 .debug_ranges  0x00000190       0xc0 ./super/dram/dram_init.o
 .debug_ranges  0x00000250       0x30 pm_debug.o
